---
source: crates/boardui-convert/tests/conformance.rs
---
source: IPC-2581 rev C, step board, FABRICATION
thickness: 1.6000 mm
counts: 6 features, 616 vertices, 1260 triangles, 0 nets, 0 components, 0 pins (0 checked against pads)
warnings: 0 from the reader, 0 from the converter
layer layer/@soldermask-top Soldermask Top z 0.7650..0.8200 mm Default synthesized
  1 features {"Sheet": 1}, 8 vertices, 12 triangles, top area 84.0000 mm²
    row 0: Sheet net - area 84.0000 mm²
layer layer/TOP Copper Top z 0.7650..0.8000 mm Default
  4 features {"Other": 4}, 600 vertices, 1236 triangles, top area 12.4767 mm²
    row 0: Other net - area 2.5981 mm²
    row 1: Other net - area 2.5981 mm²
    row 2: Other net - area 0.8971 mm²
    row 3: Other net - area 6.3834 mm²
layer layer/@core Dielectric Internal z -0.8000..0.7650 mm Default synthesized
  1 features {"Sheet": 1}, 8 vertices, 12 triangles, top area 84.0000 mm²
    row 0: Sheet net - area 84.0000 mm²
components: 0
