---
source: crates/boardui-convert/tests/conformance.rs
---
source: IPC-2581 rev B, step IPC-2581_8-Layer_Design, USERDEF
software: Polar Instruments Ltd Speedstack 14.2.21123 (Polar Instruments Ltd)
thickness: 1.6053 mm
counts: 9 features, 0 vertices, 0 triangles, 0 nets, 0 components, 0 pins (0 checked against pads)
warnings: 1 from the reader, 2 from the converter
  - negative layers are drawn as positive
  - the step has no usable profile; the outline is the copper's bounding box
layer layer/SOLDERMASK_TOP Soldermask Top z 0.7671..0.8280 mm File
  1 features {"Sheet": 1}, 0 vertices, 0 triangles, top area -0.0000 mm²
layer layer/L1 Copper Top z 0.7671..0.8026 mm File
  0 features {}, 0 vertices, 0 triangles, top area -0.0000 mm²
layer layer/DIELECTRIC_1 Dielectric Internal z 0.6909..0.7671 mm File
  1 features {"Sheet": 1}, 0 vertices, 0 triangles, top area -0.0000 mm²
layer layer/L2 Copper Internal z 0.6553..0.6909 mm File hidden
  0 features {}, 0 vertices, 0 triangles, top area -0.0000 mm²
layer layer/DIELECTRIC_2 Dielectric Internal z 0.5283..0.6553 mm File
  1 features {"Sheet": 1}, 0 vertices, 0 triangles, top area -0.0000 mm²
layer layer/L3 Copper Internal z 0.4928..0.5283 mm File hidden
  0 features {}, 0 vertices, 0 triangles, top area -0.0000 mm²
layer layer/DIELECTRIC_3 Dielectric Internal z 0.1372..0.4928 mm File
  1 features {"Sheet": 1}, 0 vertices, 0 triangles, top area -0.0000 mm²
layer layer/L4 Copper Internal z 0.1016..0.1372 mm File hidden
  0 features {}, 0 vertices, 0 triangles, top area -0.0000 mm²
layer layer/DIELECTRIC_4 Dielectric Internal z -0.1016..0.1016 mm File
  1 features {"Sheet": 1}, 0 vertices, 0 triangles, top area -0.0000 mm²
layer layer/L5 Copper Internal z -0.1372..-0.1016 mm File hidden
  0 features {}, 0 vertices, 0 triangles, top area -0.0000 mm²
layer layer/DIELECTRIC_5 Dielectric Internal z -0.4928..-0.1372 mm File
  1 features {"Sheet": 1}, 0 vertices, 0 triangles, top area -0.0000 mm²
layer layer/L6 Copper Internal z -0.5283..-0.4928 mm File hidden
  0 features {}, 0 vertices, 0 triangles, top area -0.0000 mm²
layer layer/DIELECTRIC_6 Dielectric Internal z -0.6553..-0.5283 mm File
  1 features {"Sheet": 1}, 0 vertices, 0 triangles, top area -0.0000 mm²
layer layer/L7 Copper Internal z -0.6909..-0.6553 mm File hidden
  0 features {}, 0 vertices, 0 triangles, top area -0.0000 mm²
layer layer/DIELECTRIC_7 Dielectric Internal z -0.7671..-0.6909 mm File
  1 features {"Sheet": 1}, 0 vertices, 0 triangles, top area -0.0000 mm²
layer layer/L8 Copper Bottom z -0.8026..-0.7671 mm File
  0 features {}, 0 vertices, 0 triangles, top area -0.0000 mm²
layer layer/SOLDERMASK_BOTTOM Soldermask Bottom z -0.8280..-0.7671 mm File
  1 features {"Sheet": 1}, 0 vertices, 0 triangles, top area -0.0000 mm²
components: 0
