---
source: crates/boardui-convert/tests/conformance.rs
---
source: IPC-2581 rev A, step LDO-PCB, FULL
thickness: 0.3912 mm
counts: 72 features, 9060 vertices, 17924 triangles, 4 nets, 5 components, 17 pins (17 checked against pads)
warnings: 6 from the reader, 2 from the converter
  - layer `Dielectric 1` has `layerFunction` `CONDUCTOR`, but its side is `NONE` and its stack-up material is `FR-4`; it is converted as a dielectric
  - layers outside the profile's scope were not converted: BoardShape_LDO-PCB (BOARD_OUTLINE)
layer layer/Drill%20Drawing%20(Top%20Layer%20-%20Bottom%20Layer) Documentation Top z 0.3356..0.3456 mm Default hidden
  1 features {"Marking": 1}, 480 vertices, 960 triangles, top area 1.4234 mm²
layer layer/Top%20Component%20Center Documentation Top z 0.3256..0.3356 mm Default hidden
  1 features {"Marking": 1}, 280 vertices, 540 triangles, top area 1.0212 mm²
layer layer/Top%20Courtyard Documentation Top z 0.3156..0.3256 mm Default hidden
  1 features {"Marking": 1}, 520 vertices, 1040 triangles, top area 16.3914 mm²
layer layer/Top%203D%20Body Documentation Top z 0.3056..0.3156 mm Default hidden
  1 features {"Marking": 1}, 520 vertices, 1040 triangles, top area 12.5913 mm²
layer layer/Top%20Assembly Documentation Top z 0.2956..0.3056 mm Default hidden
  11 features {"Marking": 11}, 3024 vertices, 6008 triangles, top area 17.3094 mm²
layer layer/Top%20Paste Paste Top z 0.1956..0.2956 mm Default hidden
  17 features {"Pad": 17}, 136 vertices, 204 triangles, top area 23.5000 mm²
layer layer/Top%20Overlay Silkscreen Top z 0.2057..0.2157 mm Default
  1 features {"Marking": 1}, 1778 vertices, 3464 triangles, top area 14.2330 mm²
layer layer/Top%20Solder Soldermask Top z 0.1600..0.2057 mm File
  1 features {"Sheet": 1}, 478 vertices, 1040 triangles, top area 232.5633 mm²
layer layer/Top%20Layer Copper Top z 0.1600..0.1956 mm File
  25 features {"Pad": 17, "Trace": 3, "Via": 5}, 526 vertices, 944 triangles, top area 26.5169 mm²
layer layer/Dielectric%201 Dielectric Internal z -0.1600..0.1600 mm File
  1 features {"Sheet": 1}, 322 vertices, 660 triangles, top area 257.0642 mm²
layer layer/Bottom%20Layer Copper Bottom z -0.1956..-0.1600 mm File
  6 features {"Fill": 1, "Via": 5}, 264 vertices, 544 triangles, top area 241.8807 mm²
layer layer/Bottom%20Solder Soldermask Bottom z -0.2057..-0.1600 mm File
  1 features {"Sheet": 1}, 342 vertices, 700 triangles, top area 256.0633 mm²
layer layer/Bottom%20Overlay Silkscreen Bottom z -0.2157..-0.2057 mm Default
  0 features {}, 0 vertices, 0 triangles, top area -0.0000 mm²
drill layer/Drill%20Guide%20(Top%20Layer%20-%20Bottom%20Layer) layer/Top%20Layer..layer/Bottom%20Layer
  5 features {"Barrel": 5}, 390 vertices, 780 triangles, top area 0.2879 mm²
components: 5
  U1 at (152.9080, 0.1956, -42.2910) mm, rotation (0.0000, 0.0000, 0.0000, 1.0000), placeholder FP-SOT23-5LD-PL-1-MFG
  J2 at (162.4330, 0.1956, -42.1640) mm, rotation (0.0000, 0.7071, 0.0000, 0.7071), placeholder FP-SM02B-GHS-TB_LF_SN-MFG
  J1 at (143.3830, 0.1956, -42.0370) mm, rotation (0.0000, 0.7071, 0.0000, -0.7071), placeholder FP-SM02B-GHS-TB_LF_SN-MFG
  C2 at (156.4640, 0.1956, -42.2910) mm, rotation (0.0000, 0.7071, 0.0000, -0.7071), placeholder FP-CC0805-0_85-MFG
  C1 at (148.9710, 0.1956, -42.3270) mm, rotation (0.0000, 0.7071, 0.0000, -0.7071), placeholder FP-CC0805-0_85-MFG
