---
source: crates/boardui-convert/tests/conformance.rs
---
source: IPC-2581 rev C, step miao, ASSEMBLY
software: KiCad 9.0.9 (KiCad EDA)
thickness: 1.5799 mm
counts: 704 features, 69684 vertices, 136436 triangles, 33 nets, 18 components, 95 pins (93 checked against pads)
warnings: 11 from the reader, 1 from the converter
  - layers outside the profile's scope were not converted: Edge.Cuts (BOARD_OUTLINE)
layer layer/User.Drawings Documentation Top z 0.9099..0.9199 mm Default hidden
  1 features {"Marking": 1}, 40 vertices, 80 triangles, top area 9.2552 mm²
layer layer/F.Courtyard Courtyard Top z 0.8999..0.9099 mm Default hidden
  68 features {"Marking": 68}, 2448 vertices, 4080 triangles, top area 10.3653 mm²
layer layer/F.Fab Assembly Top z 0.8899..0.8999 mm Default hidden
  101 features {"Marking": 101}, 15666 vertices, 29716 triangles, top area 52.8551 mm²
layer layer/F.Paste Paste Top z 0.7899..0.8899 mm Default hidden
  112 features {"Pad": 112}, 6160 vertices, 11952 triangles, top area 118.4472 mm²
layer layer/F.Silkscreen Silkscreen Top z 0.8001..0.8101 mm Default
  1 features {"Marking": 1}, 66 vertices, 132 triangles, top area 3.9234 mm²
layer layer/F.Mask Soldermask Top z 0.7544..0.8001 mm File material boardui/soldermask/151515
  1 features {"Sheet": 1}, 4736 vertices, 9888 triangles, top area 231.0954 mm²
layer layer/F.Cu Copper Top z 0.7544..0.7899 mm File
  186 features {"Pad": 112, "Trace": 30, "Via": 44}, 12300 vertices, 23924 triangles, top area 169.6318 mm²
layer layer/DIELECTRIC_1 Dielectric Internal z -0.7544..0.7544 mm File
  1 features {"Sheet": 1}, 3142 vertices, 6548 triangles, top area 338.4983 mm²
layer layer/B.Cu Copper Bottom z -0.7899..-0.7544 mm File
  103 features {"Pad": 42, "Trace": 17, "Via": 44}, 11158 vertices, 22100 triangles, top area 231.2050 mm²
layer layer/B.Mask Soldermask Bottom z -0.8001..-0.7544 mm File material boardui/soldermask/151515
  1 features {"Sheet": 1}, 3008 vertices, 6184 triangles, top area 272.6410 mm²
layer layer/B.Silkscreen Silkscreen Bottom z -0.8101..-0.8001 mm Default
  2 features {"Marking": 2}, 342 vertices, 708 triangles, top area 5.2747 mm²
layer layer/B.Paste Paste Bottom z -0.8899..-0.7899 mm Default hidden
  42 features {"Pad": 42}, 4304 vertices, 8496 triangles, top area 76.9016 mm²
drill layer/F.Cu_B.Cu layer/F.Cu..layer/B.Cu
  81 features {"Barrel": 79, "Other": 2}, 5642 vertices, 11284 triangles, top area 3.9563 mm²
drill layer/F.Cu_B.Cu_1 layer/F.Cu..layer/B.Cu
  4 features {"Barrel": 4}, 672 vertices, 1344 triangles, top area 0.3658 mm²
components: 18
bom: 18 with attributes, populate {Some(false): 3, Some(true): 15}, names {"Description": 16, "LCSC": 15, "Value": 18}
  SW1 at (95.1687, 0.7899, 92.9005) mm, rotation (0.0000, 0.7071, 0.0000, 0.7071), placeholder SW_Push_SPST_NO_Alps_SKRK_1, populate Some(true), attributes {"Description": "Push button switch, generic, two pins", "LCSC": "C115357", "Value": "BOOT"}
  U3 at (99.9998, 0.7899, 93.2510) mm, rotation (0.0000, 0.0000, 0.0000, 1.0000), no body, populate Some(false), attributes {"Value": "xiao_drop-in_gpio_usb_no_cutout"}
  JP2 at (94.7649, 0.7899, 99.0346) mm, rotation (0.0000, 0.7071, 0.0000, 0.7071), no body, populate Some(false), attributes {"Description": "Solder Jumper, 3-pole, open", "Value": "UART vs SPI"}
  U2 at (99.9998, 0.7899, 94.3889) mm, rotation (0.0000, 0.7071, 0.0000, 0.7071), placeholder SOT-23-6_4, populate Some(true), attributes {"Description": "Very low capacitance ESD protection diode, 2 data-line, SOT-23-6", "LCSC": "C2687116", "Value": "USBLC6-2SC6"}
  R5 at (99.0498, 0.7899, 91.0996) mm, rotation (0.0000, 0.7071, 0.0000, -0.7071), placeholder R_0402_1005Metric_5, populate Some(true), attributes {"Description": "Resistor", "LCSC": "C25905", "Value": "5.1k"}
