---
source: crates/boardui-convert/tests/conformance.rs
---
source: IPC-2581 rev C, step board, FABRICATION
thickness: 1.6000 mm
counts: 3 features, 882 vertices, 1788 triangles, 0 nets, 0 components, 0 pins (0 checked against pads)
warnings: 0 from the reader, 2 from the converter
  - layers outside the profile's scope were not converted: Edge.Cuts (BOARD_OUTLINE)
  - the profile of step `board` has no cutouts; the closed contours inside it were cut out: 3 on layer `Edge.Cuts`
layer layer/@soldermask-top Soldermask Top z 0.7650..0.8200 mm Default synthesized
  1 features {"Sheet": 1}, 294 vertices, 596 triangles, top area 578.5586 mm²
    row 0: Sheet net - area 578.5586 mm²
layer layer/TOP Copper Top z 0.7650..0.8000 mm Default
  0 features {}, 0 vertices, 0 triangles, top area -0.0000 mm²
layer layer/@core Dielectric Internal z -0.7650..0.7650 mm Default synthesized
  1 features {"Sheet": 1}, 294 vertices, 596 triangles, top area 578.5586 mm²
    row 0: Sheet net - area 578.5586 mm²
layer layer/BOTTOM Copper Bottom z -0.8000..-0.7650 mm Default
  0 features {}, 0 vertices, 0 triangles, top area -0.0000 mm²
layer layer/@soldermask-bottom Soldermask Bottom z -0.8200..-0.7650 mm Default synthesized
  1 features {"Sheet": 1}, 294 vertices, 596 triangles, top area 578.5586 mm²
    row 0: Sheet net - area 578.5586 mm²
components: 0
