---
source: crates/boardui-convert/tests/conformance.rs
---
source: IPC-2581 rev C, step board, FABRICATION
thickness: 1.6000 mm
counts: 7 features, 358 vertices, 688 triangles, 3 nets, 0 components, 0 pins (0 checked against pads)
warnings: 0 from the reader, 0 from the converter
layer layer/@soldermask-top Soldermask Top z 0.7650..0.8200 mm Default synthesized
  1 features {"Sheet": 1}, 58 vertices, 116 triangles, top area 38.8809 mm²
    row 0: Sheet net - area 38.8809 mm²
layer layer/TOP Copper Top z 0.7650..0.8000 mm Default
  5 features {"Fill": 2, "Pad": 1, "Trace": 2}, 292 vertices, 560 triangles, top area 36.0000 mm²
    row 0: Fill net 0 area 27.4502 mm²
    row 1: Trace net 1 area 2.6126 mm²
    row 2: Pad net 1 area 1.1191 mm²
    row 3: Fill net 0 area 4.0000 mm²
    row 4: Trace net 2 area 0.8181 mm²
layer layer/@core Dielectric Internal z -0.8000..0.7650 mm Default synthesized hidden
  1 features {"Sheet": 1}, 8 vertices, 12 triangles, top area 40.0000 mm²
    row 0: Sheet net - area 40.0000 mm²
components: 0
