---
source: crates/boardui-convert/tests/conformance.rs
---
source: IPC-2581 rev C, step testcase11-rdgflx-RevC, USERDEF
software: Allegro allegro_17.4S019(7/14/2021) (Cadence)
thickness: 0.9195 mm
counts: 2995 features, 268232 vertices, 528992 triangles, 116 nets, 78 components, 312 pins (312 checked against pads)
warnings: 5 from the reader, 10 from the converter
  - layer `COVERLAY_FLEX_1` is not in the stack-up and was skipped
  - layer `ADHESIVE_FLEX_1` is not in the stack-up and was skipped
  - layer `ADHESIVE_FLEX_2` is not in the stack-up and was skipped
  - layer `COVERLAY_FLEX_2` is not in the stack-up and was skipped
  - layer `STIFFENER_TOP` is not in the stack-up and was skipped
  - layer `EPOXY_TOP` is not in the stack-up and was skipped
  - layer `PASTEMASK_INT_4` is not in the stack-up and was skipped
  - layer `SOLDERMASK_INT_4` is not in the stack-up and was skipped
  - layers outside the profile's scope were not converted: GOLD_HARD_FLEX_2 (COATINGCOND)
  - zero-width lines are drawn as 0.1 mm hairlines
layer layer/asm_rgd2_top Documentation Top z 0.5448..0.5548 mm Default hidden
  1 features {"Marking": 1}, 2864 vertices, 5728 triangles, top area 95.2266 mm²
layer layer/ASM_Flex1 Documentation Top z 0.5348..0.5448 mm Default hidden
  1 features {"Marking": 1}, 2864 vertices, 5728 triangles, top area 95.2266 mm²
layer layer/Asm_Flex2 Documentation Top z 0.5248..0.5348 mm Default hidden
  1 features {"Marking": 1}, 2864 vertices, 5728 triangles, top area 95.2266 mm²
layer layer/Asm_Rgd2_Bottom Documentation Top z 0.5148..0.5248 mm Default hidden
  1 features {"Marking": 1}, 2864 vertices, 5728 triangles, top area 95.2266 mm²
layer layer/Zones Documentation Top z 0.5048..0.5148 mm Default hidden
  140 features {"Marking": 140}, 9804 vertices, 18684 triangles, top area 133.8064 mm²
layer layer/SS_TOP Documentation Top z 0.4948..0.5048 mm Default hidden
  222 features {"Marking": 222}, 15642 vertices, 30620 triangles, top area 172.4524 mm²
layer layer/Asm_top Assembly Top z 0.4848..0.4948 mm Default hidden
  328 features {"Marking": 328}, 24554 vertices, 47828 triangles, top area 239.4814 mm²
layer layer/@silkscreen-top Silkscreen Top z 0.4748..0.4848 mm Default synthesized
  133 features {"Marking": 133}, 6444 vertices, 12388 triangles, top area 79.6744 mm²
layer layer/SOLDERMASK_TOP Soldermask Top z 0.4293..0.4748 mm File
  1 features {"Sheet": 1}, 3576 vertices, 7496 triangles, top area 10775.7880 mm²
layer layer/TOP Copper Top z 0.4293..0.4597 mm File
  400 features {"Fill": 1, "Pad": 170, "Trace": 146, "Via": 83}, 16030 vertices, 30800 triangles, top area 2220.1739 mm²
layer layer/DIELECTRIC_INDEX_12 Dielectric Internal z 0.2261..0.4293 mm File
  1 features {"Sheet": 1}, 3576 vertices, 7496 triangles, top area 10775.7880 mm²
layer layer/INT_1 Copper Internal z 0.1956..0.2261 mm File hidden
  411 features {"Fill": 1, "Pad": 84, "Trace": 149, "Via": 177}, 27458 vertices, 54308 triangles, top area 4062.5636 mm²
layer layer/DIELECTRIC_INDEX_14 Dielectric Internal z 0.0686..0.1956 mm File
  1 features {"Sheet": 1}, 6208 vertices, 13136 triangles, top area 10766.8032 mm²
layer layer/FLEX_1 Copper Internal z 0.0381..0.0686 mm File hidden
  240 features {"Fill": 6, "Pad": 6, "Trace": 51, "Via": 177}, 34196 vertices, 68444 triangles, top area 3014.9127 mm²
layer layer/DIELECTRIC_INDEX_16 Dielectric Internal z -0.0381..0.0381 mm File
  1 features {"Sheet": 1}, 6208 vertices, 13136 triangles, top area 10766.8032 mm²
layer layer/FLEX_2 Copper Internal z -0.0686..-0.0381 mm File hidden
  569 features {"Fill": 3, "Pad": 38, "Trace": 351, "Via": 177}, 43538 vertices, 80988 triangles, top area 6081.0809 mm²
layer layer/DIELECTRIC_INDEX_18 Dielectric Internal z -0.1956..-0.0686 mm File
  1 features {"Sheet": 1}, 6208 vertices, 13136 triangles, top area 10766.8032 mm²
layer layer/INT_4 Copper Internal z -0.2261..-0.1956 mm File hidden
  271 features {"Fill": 1, "Pad": 34, "Trace": 59, "Via": 177}, 24098 vertices, 48128 triangles, top area 3984.4022 mm²
layer layer/DIELECTRIC_INDEX_20 Dielectric Internal z -0.4293..-0.2261 mm File
  1 features {"Sheet": 1}, 3576 vertices, 7496 triangles, top area 10775.7880 mm²
layer layer/BOTTOM Copper Bottom z -0.4597..-0.4293 mm File
  89 features {"Fill": 1, "Pad": 4, "Trace": 1, "Via": 83}, 12526 vertices, 25384 triangles, top area 3927.1961 mm²
layer layer/SOLDERMASK_BOTTOM Soldermask Bottom z -0.4748..-0.4293 mm File
  1 features {"Sheet": 1}, 3576 vertices, 7496 triangles, top area 10775.7880 mm²
drill layer/DRILL_2-5 layer/INT_1..layer/INT_4
  94 features {"Barrel": 94}, 5076 vertices, 10152 triangles, top area 2.3900 mm²
drill layer/DRILL_1-6 layer/TOP..layer/BOTTOM
  87 features {"Barrel": 83, "Other": 4}, 4482 vertices, 8964 triangles, top area 2.1104 mm²
components: 78
bom: 74 with attributes, populate {None: 4, Some(true): 74}, names {"COMP_CLASS": 74, "DEVICE_TYPE": 74, "TOL": 54, "TOLERANCE": 54, "VALUE": 60}
  D3 at (93.9800, 0.4597, -29.5910) mm, rotation (1.0000, 0.0000, 0.0000, 0.0000), placeholder A_DIODE-157, populate Some(true), attributes {"COMP_CLASS": "DISCRETE", "DEVICE_TYPE": "20V-RCT", "VALUE": "20V"}
  RV1 at (98.2980, 0.4597, -40.3860) mm, rotation (0.0000, 0.0000, 0.0000, 1.0000), placeholder A_SOT363, populate Some(true), attributes {"COMP_CLASS": "DISCRETE", "DEVICE_TYPE": "VRES", "VALUE": "10K"}
  RV2 at (95.2500, 0.4597, -66.6750) mm, rotation (0.0000, 0.0000, 0.0000, 1.0000), placeholder A_SOT363, populate Some(true), attributes {"COMP_CLASS": "DISCRETE", "DEVICE_TYPE": "VRES", "VALUE": "10K"}
  R39 at (103.6320, 0.4597, -45.7200) mm, rotation (0.0000, 0.0000, 0.0000, 1.0000), placeholder 1206RF_WV_12D, populate Some(true), attributes {"COMP_CLASS": "DISCRETE", "DEVICE_TYPE": "RES", "TOL": "5%", "TOLERANCE": "5%", "VALUE": "3.3K"}
  C5 at (82.5500, 0.4597, -65.4050) mm, rotation (0.0000, 0.0000, 1.0000, 0.0000), placeholder 1206RF_WV_12D, populate Some(true), attributes {"COMP_CLASS": "DISCRETE", "DEVICE_TYPE": "CAP", "TOL": "10%", "TOLERANCE": "10%", "VALUE": ".001UF"}
