---
source: crates/boardui-convert/tests/conformance.rs
---
source: IPC-2581 rev C, step test-3_r2.-17_4, ASSEMBLY
software: Allegro allegro_17.4S(3/22/2021) (Cadence)
thickness: 1.6000 mm
counts: 1685 features, 116410 vertices, 231564 triangles, 261 nets, 42 components, 487 pins (487 checked against pads)
warnings: 0 from the reader, 1 from the converter
  - zero-width lines are drawn as 0.1 mm hairlines
layer layer/@assembly-top Assembly Top z 0.8300..0.8400 mm Default synthesized hidden
  90 features {"Marking": 90}, 9652 vertices, 19280 triangles, top area 150.3127 mm²
layer layer/@silkscreen-top Silkscreen Top z 0.8200..0.8300 mm Default synthesized
  36 features {"Marking": 36}, 4692 vertices, 9352 triangles, top area 115.7754 mm²
layer layer/@soldermask-top Soldermask Top z 0.7650..0.8200 mm Default synthesized
  1 features {"Sheet": 1}, 11818 vertices, 25764 triangles, top area 9853.1192 mm²
layer layer/TOP Copper Top z 0.7650..0.8000 mm Default
  884 features {"Fill": 152, "Pad": 414, "Trace": 210, "Via": 108}, 30948 vertices, 58440 triangles, top area 896.5211 mm²
layer layer/@core Dielectric Internal z -0.7650..0.7650 mm Default synthesized
  1 features {"Sheet": 1}, 8396 vertices, 17528 triangles, top area 10235.6099 mm²
layer layer/BOTTOM Copper Bottom z -0.8000..-0.7650 mm Default
  483 features {"Fill": 116, "Pad": 150, "Trace": 109, "Via": 108}, 24938 vertices, 48196 triangles, top area 611.4206 mm²
layer layer/@soldermask-bottom Soldermask Bottom z -0.8200..-0.7650 mm Default synthesized
  1 features {"Sheet": 1}, 9706 vertices, 20484 triangles, top area 10090.8611 mm²
layer layer/@silkscreen-bottom Silkscreen Bottom z -0.8300..-0.8200 mm Default synthesized
  6 features {"Marking": 6}, 568 vertices, 1136 triangles, top area 15.3099 mm²
layer layer/@assembly-bottom Assembly Bottom z -0.8400..-0.8300 mm Default synthesized hidden
  9 features {"Marking": 9}, 1432 vertices, 2864 triangles, top area 15.5545 mm²
drill layer/DRILL_1-6 layer/TOP..layer/BOTTOM
  174 features {"Barrel": 171, "Other": 3}, 14260 vertices, 28520 triangles, top area 11.3410 mm²
components: 42
bom: 41 with attributes, populate {None: 1, Some(true): 41}, names {"COMP_CLASS": 41, "DEVICE_TYPE": 41, "PARENT_PART_TYPE": 17, "PARENT_PPT": 17, "PARENT_PPT_PART": 17, "VALUE": 17}
  J1 at (-1.2700, 0.8000, -71.1200) mm, rotation (0.0000, 0.7071, 0.0000, 0.7071), placeholder ELECTROMECH, populate Some(true), attributes {"COMP_CLASS": "IC", "DEVICE_TYPE": "ELECTROMECH"}
  OR_0000020B161A9090 at (68.5800, 0.8000, -74.9300) mm, rotation (0.0000, 0.7071, 0.0000, 0.7071), placeholder SHIELD
  C7 at (21.5900, 0.8000, -22.8600) mm, rotation (0.0000, 0.7071, 0.0000, 0.7071), placeholder 1206T, populate Some(true), attributes {"COMP_CLASS": "DISCRETE", "DEVICE_TYPE": "CAPACITOR-5P", "PARENT_PART_TYPE": "CAPACITOR", "PARENT_PPT": "CAPACITOR", "PARENT_PPT_PART": "CAPACITOR-5P", "VALUE": "5P"}
  C2 at (3.8100, 0.8000, -23.1648) mm, rotation (0.0000, 0.7071, 0.0000, 0.7071), placeholder 1206T, populate Some(true), attributes {"COMP_CLASS": "DISCRETE", "DEVICE_TYPE": "CAPACITOR-5P", "PARENT_PART_TYPE": "CAPACITOR", "PARENT_PPT": "CAPACITOR", "PARENT_PPT_PART": "CAPACITOR-5P", "VALUE": "5P"}
  C3 at (13.9700, 0.8000, -22.8600) mm, rotation (0.0000, 0.7071, 0.0000, -0.7071), placeholder 1206T, populate Some(true), attributes {"COMP_CLASS": "DISCRETE", "DEVICE_TYPE": "CAPACITOR-53P", "PARENT_PART_TYPE": "CAPACITOR", "PARENT_PPT": "CAPACITOR", "PARENT_PPT_PART": "CAPACITOR-53P", "VALUE": "53P"}
