---
source: crates/boardui-convert/tests/conformance.rs
---
source: IPC-2581 rev C, step testcase1-v174-RevC, ASSEMBLY
software: Allegro allegro_17.4S015(2/23/2021) (Cadence)
thickness: 1.6000 mm
counts: 40044 features, 2403480 vertices, 4768084 triangles, 2436 nets, 1656 components, 8111 pins (8111 checked against pads)
warnings: 8 from the reader, 1 from the converter
  - zero-width lines are drawn as 0.1 mm hairlines
layer layer/@assembly-top Assembly Top z 0.8300..0.8400 mm Default synthesized hidden
  2233 features {"Marking": 2233}, 53594 vertices, 103716 triangles, top area 1058.3911 mm²
layer layer/silkscreen_top.art Silkscreen Top z 0.8200..0.8300 mm Default
  1549 features {"Marking": 1549}, 67300 vertices, 127396 triangles, top area 549.7667 mm²
layer layer/@soldermask-top Soldermask Top z 0.7650..0.8200 mm Default synthesized
  1 features {"Sheet": 1}, 222216 vertices, 483088 triangles, top area 51355.8576 mm²
layer layer/TOP Copper Top z 0.7650..0.8000 mm Default
  13853 features {"Fill": 368, "Pad": 4311, "Trace": 3613, "Via": 5561}, 642706 vertices, 1205060 triangles, top area 9826.3396 mm²
layer layer/@core Dielectric Internal z -0.7650..0.7650 mm Default synthesized
  1 features {"Sheet": 1}, 177848 vertices, 378968 triangles, top area 55815.7388 mm²
layer layer/BOTTOM Copper Bottom z -0.8000..-0.7650 mm Default
  13697 features {"Fill": 35, "Pad": 4216, "Trace": 3701, "Via": 5745}, 594416 vertices, 1145028 triangles, top area 9558.7799 mm²
layer layer/@soldermask-bottom Soldermask Bottom z -0.8200..-0.7650 mm Default synthesized
  1 features {"Sheet": 1}, 224968 vertices, 488740 triangles, top area 51621.1721 mm²
layer layer/silkscreen_bottom.art Silkscreen Bottom z -0.8300..-0.8200 mm Default
  772 features {"Marking": 772}, 35676 vertices, 68324 triangles, top area 247.8157 mm²
layer layer/@assembly-bottom Assembly Bottom z -0.8400..-0.8300 mm Default synthesized hidden
  2118 features {"Marking": 2118}, 45748 vertices, 89748 triangles, top area 828.7921 mm²
drill layer/DRILL_1-12 layer/TOP..layer/BOTTOM
  5819 features {"Barrel": 5782, "Other": 37}, 339008 vertices, 678016 triangles, top area 192.7958 mm²
components: 1656
bom: 1654 with attributes, populate {None: 2, Some(true): 1654}, names {"ADDNAME": 16, "ALT_SYMBOLS": 328, "COLOR": 15, "COMPTYPE": 1654, "COMP_CLASS": 1654, "COMP_PWR": 24, "DEVICE_TYPE": 1654, "ESD": 75, "HUMIDITY": 48, "PARENT_PART_TYPE": 1654, "PARENT_PPT": 1654, "PARENT_PPT_PART": 1654, "PCK_TYPE": 1654, "ROMDATA": 3, "ROMWRITE": 4, "SCH_MODIFIED_PART": 1654, "STD_ASM": 1654, "TOL": 1456, "VALUE": 1474, "VENDOR": 1062, "VENDOR_PN": 1063, "VOLT": 682}
  DD_CONV3 at (165.4175, -0.8000, -189.2275) mm, rotation (1.0000, 0.0000, 0.0000, 0.0000), placeholder SDDCONV7_635_3708X586X72, populate Some(true), attributes {"COMPTYPE": "IMD", "COMP_CLASS": "IC", "DEVICE_TYPE": "DC_DCCONV_QD48S018033-QD48S018B", "PARENT_PART_TYPE": "DC_DCCONV_QD48S018033", "PARENT_PPT": "DC_DCCONV_QD48S018033", "PARENT_PPT_PART": "DC_DCCONV_QD48S018033-QD48S018033,TA55401-0252B2,1.8V-3.3V,IMD7,DI/DT,QD48S018033NS00,SDDCONV7_635_3708X586X72", "PCK_TYPE": "IMD7", "SCH_MODIFIED_PART": "TRUE", "STD_ASM": "AM0000", "VENDOR": "DI/DT", "VENDOR_PN": "QD48S018033NS00", "VOLT": "1.8V-3.3V"}
  CM9A3 at (-20.2362, 0.8000, -207.3199) mm, rotation (0.0000, 1.0000, 0.0000, 0.0000), placeholder HA49L_0001_0001_12, populate Some(true), attributes {"ALT_SYMBOLS": "(HA49L_0001_0001_12)", "COMPTYPE": "IMD", "COMP_CLASS": "MECHANICAL", "DEVICE_TYPE": "LED_BLOCK-IMD,FUJITSU,HA49L-00F", "PARENT_PART_TYPE": "LED_BLOCK", "PARENT_PPT": "LED_BLOCK", "PARENT_PPT_PART": "LED_BLOCK-IMD,FUJITSU,HA49L-0001-0001#12,HA49L_0001_0001_12A", "PCK_TYPE": "IMD", "SCH_MODIFIED_PART": "TRUE", "STD_ASM": "AM0000", "VENDOR": "FUJITSU", "VENDOR_PN": "HA49L-0001-0001#12"}
  CM9A4 at (-20.2362, 0.8000, -200.3196) mm, rotation (0.0000, 1.0000, 0.0000, 0.0000), placeholder HA49L_0001_0001_12, populate Some(true), attributes {"ALT_SYMBOLS": "(HA49L_0001_0001_12)", "COMPTYPE": "IMD", "COMP_CLASS": "MECHANICAL", "DEVICE_TYPE": "LED_BLOCK-IMD,FUJITSU,HA49L-00F", "PARENT_PART_TYPE": "LED_BLOCK", "PARENT_PPT": "LED_BLOCK", "PARENT_PPT_PART": "LED_BLOCK-IMD,FUJITSU,HA49L-0001-0001#12,HA49L_0001_0001_12A", "PCK_TYPE": "IMD", "SCH_MODIFIED_PART": "TRUE", "STD_ASM": "AM0000", "VENDOR": "FUJITSU", "VENDOR_PN": "HA49L-0001-0001#12"}
  CM9A5 at (-20.2362, 0.8000, -193.3194) mm, rotation (0.0000, 1.0000, 0.0000, 0.0000), placeholder HA49L_0001_0001_12, populate Some(true), attributes {"ALT_SYMBOLS": "(HA49L_0001_0001_12)", "COMPTYPE": "IMD", "COMP_CLASS": "MECHANICAL", "DEVICE_TYPE": "LED_BLOCK-IMD,FUJITSU,HA49L-00F", "PARENT_PART_TYPE": "LED_BLOCK", "PARENT_PPT": "LED_BLOCK", "PARENT_PPT_PART": "LED_BLOCK-IMD,FUJITSU,HA49L-0001-0001#12,HA49L_0001_0001_12A", "PCK_TYPE": "IMD", "SCH_MODIFIED_PART": "TRUE", "STD_ASM": "AM0000", "VENDOR": "FUJITSU", "VENDOR_PN": "HA49L-0001-0001#12"}
  CM9A6 at (-20.2362, 0.8000, -186.3192) mm, rotation (0.0000, 1.0000, 0.0000, 0.0000), placeholder HA49L_0001_0001_12, populate Some(true), attributes {"ALT_SYMBOLS": "(HA49L_0001_0001_12)", "COMPTYPE": "IMD", "COMP_CLASS": "MECHANICAL", "DEVICE_TYPE": "LED_BLOCK-IMD,FUJITSU,HA49L-00F", "PARENT_PART_TYPE": "LED_BLOCK", "PARENT_PPT": "LED_BLOCK", "PARENT_PPT_PART": "LED_BLOCK-IMD,FUJITSU,HA49L-0001-0001#12,HA49L_0001_0001_12A", "PCK_TYPE": "IMD", "SCH_MODIFIED_PART": "TRUE", "STD_ASM": "AM0000", "VENDOR": "FUJITSU", "VENDOR_PN": "HA49L-0001-0001#12"}
