---
source: crates/boardui-convert/tests/conformance.rs
---
source: IPC-2581 rev C, step board, FABRICATION
thickness: 1.6000 mm
counts: 17 features, 7368 vertices, 14560 triangles, 3 nets, 1 components, 2 pins (2 checked against pads)
warnings: 0 from the reader, 4 from the converter
  - embedded font `plotter` lacks some characters; they are drawn with the bundled font
  - external font `Arial` is not available; its text is drawn with the bundled font
  - text characters without a glyph are drawn as boxes: U+03A9
  - a text wider than its bounding box was scaled down to fit
layer layer/@assembly-top Assembly Top z 0.8300..0.8400 mm Default synthesized hidden
  2 features {"Marking": 2}, 172 vertices, 336 triangles, top area 0.7728 mm²
    row 0: Marking net - area 0.6371 mm²
    row 1: Marking net - area 0.1357 mm² text "U1"
layer layer/SILK Silkscreen Top z 0.8200..0.8300 mm Default
  6 features {"Marking": 6}, 6442 vertices, 12724 triangles, top area 92.2948 mm²
    row 0: Marking net - area 26.2756 mm² text "BOARD Ø2"
    row 1: Marking net - area 22.4747 mm² text "External font: Arial"
    row 2: Marking net - area 26.9017 mm² text "Ærøskøbing µ±0.1° Ω"
    row 3: Marking net - area 7.1719 mm² text "Too wide for its box"
    row 4: Marking net - area 5.0898 mm² text "Mirror"
    row 5: Marking net - area 4.3811 mm² text "R90"
layer layer/@soldermask-top Soldermask Top z 0.7650..0.8200 mm Default synthesized
  1 features {"Sheet": 1}, 60 vertices, 128 triangles, top area 1697.5631 mm²
    row 0: Sheet net - area 1697.5631 mm²
layer layer/TOP Copper Top z 0.7650..0.8000 mm Default
  5 features {"Fill": 1, "Pad": 2, "Trace": 2}, 606 vertices, 1196 triangles, top area 113.9253 mm²
    row 0: Trace net 0 area 8.4770 mm² text "GND"
    row 1: Fill net 0 area 103.2883 mm²
    row 2: Trace net - area 0.0000 mm² text "CUT"
    row 3: Pad net 1 area 1.0800 mm²
    row 4: Pad net 2 area 1.0800 mm²
layer layer/@core Dielectric Internal z -0.7650..0.7650 mm Default synthesized
  1 features {"Sheet": 1}, 44 vertices, 88 triangles, top area 1699.7231 mm²
    row 0: Sheet net - area 1699.7231 mm²
layer layer/BOTTOM Copper Bottom z -0.8000..-0.7650 mm Default
  0 features {}, 0 vertices, 0 triangles, top area -0.0000 mm²
layer layer/@soldermask-bottom Soldermask Bottom z -0.8200..-0.7650 mm Default synthesized
  1 features {"Sheet": 1}, 44 vertices, 88 triangles, top area 1699.7231 mm²
    row 0: Sheet net - area 1699.7231 mm²
drill layer/DRILL layer/TOP..layer/BOTTOM
  1 features {"Other": 1}, 0 vertices, 0 triangles, top area -0.0000 mm²
    row 0: Other net - area 0.0000 mm²
components: 1
  U1 at (44.0000, 0.8000, -7.0000) mm, rotation (0.0000, 0.7071, 0.0000, 0.7071), placeholder U0805
