---
source: crates/boardui-ipc2581/tests/samples.rs
expression: summary(&doc)
---
units: Inch
layers:
  TOP CONDUCTOR Some(Top) Positive
  BOTTOM CONDUCTOR Some(Bottom) Positive
  DRILL_1-18 DRILL Some(All) Positive span TOP..BOTTOM
  SS_TOP SILKSCREEN Some(Top) Positive
  SS_BOT SILKSCREEN Some(Bottom) Positive
step testcase10-RevC: datum Some(Point { x: 0.0, y: 0.0 })
  TOP: {"(with componentRef)": 6, "Features/Polyline": 1569, "Pad": 3441}
  BOTTOM: {"Features/Polyline": 21, "Pad": 1925}
  DRILL_1-18: {"(with componentRef)": 106, "Hole": 1859}
  SS_TOP: {"(with componentRef)": 136, "Features/Polyline": 137}
  SS_BOT: {"(with componentRef)": 206, "Features/Polyline": 207}
  first component: Component { ref_des: "U1", package_ref: "BGA_25X25_1MM", layer_ref: "TOP", part: Some("BGA_25X25_1MM"), mount_type: Some(Smt), standoff: Some(0.0), height: Some(0.0038099999999999996), location: Point { x: 0.286499427, y: 0.349499301 }, xform: Xform { offset: Point { x: 0.0, y: 0.0 }, rotation: 270.0, mirror: false, scale: 1.0 }, nonstandard_attributes: [] }
software: Some(SoftwarePackage { name: "Allegro", revision: Some("allegro_17.4S019(7/14/2021)"), vendor: Some("Cadence"), model: None })
bom: 7 items, 56 refdes (0 not populated), 34 characteristics
  first item: BomItem { oem_design_number_ref: Some("BGA_25X25_1MM"), internal_part_number: None, description: None, category: Some("ELECTRICAL"), ref_des: [BomRefDes { name: "U1", package_ref: Some("BGA_25X25_1MM"), populate: Some(true), layer_ref: Some("TOP") }], characteristics: [Characteristic { definition_source: Some("ALLEGRO"), name: Some("DEVICE_TYPE"), value: Textual(Some("BGA_25X25_1MM")) }, Characteristic { definition_source: Some("ALLEGRO"), name: Some("COMP_CLASS"), value: Textual(Some("IC")) }] }
diagnostics:
