---
source: crates/boardui-ipc2581/tests/samples.rs
expression: summary(&doc)
---
units: Inch
layers:
  TOP CONDUCTOR Some(Top) Positive
  BOTTOM CONDUCTOR Some(Bottom) Positive
  DRILL_1-6 DRILL Some(All) Positive span TOP..BOTTOM
step test-3_r2.-17_4: datum Some(Point { x: 0.0, y: 0.0 })
  TOP: {"Features/Contour": 152, "Features/Polyline": 210, "Pad": 522}
  BOTTOM: {"Features/Contour": 116, "Features/Polyline": 109, "Pad": 258}
  DRILL_1-6: {"(with componentRef)": 63, "Hole": 174}
  first component: Component { ref_des: "J1", package_ref: "ELECTROMECH", layer_ref: "TOP", part: Some("ELECTROMECH"), mount_type: Some(Thmt), standoff: Some(0.000254), height: Some(0.006731), location: Point { x: -0.00127, y: 0.07111999999999999 }, xform: Xform { offset: Point { x: 0.0, y: 0.0 }, rotation: 90.0, mirror: false, scale: 1.0 }, nonstandard_attributes: [] }
software: Some(SoftwarePackage { name: "Allegro", revision: Some("allegro_17.4S(3/22/2021)"), vendor: Some("Cadence"), model: None })
bom: 25 items, 41 refdes (0 not populated), 98 characteristics
  first item: BomItem { oem_design_number_ref: Some("ELECTROMECH"), internal_part_number: None, description: None, category: Some("ELECTRICAL"), ref_des: [BomRefDes { name: "J1", package_ref: Some("ELECTROMECH"), populate: Some(true), layer_ref: Some("TOP") }], characteristics: [Characteristic { definition_source: Some("ALLEGRO"), name: Some("DEVICE_TYPE"), value: Textual(Some("ELECTROMECH")) }, Characteristic { definition_source: Some("ALLEGRO"), name: Some("COMP_CLASS"), value: Textual(Some("IC")) }] }
diagnostics:
